I'm sorry, but errors were detected in your script. Please correct the
errors listed below, and try again.


File "game/gui.rpy", line 252: expected expression
    define gui.navigation_xpos = 
                                 ^

Ren'Py Version: Ren'Py 8.0.3.22090809
Thu Mar 30 16:04:16 2023
